// Jest Snapshot v1, https://goo.gl/fbAQLP

exports[`<span>Clear</span> 1`] = `"<span>Clear</span>"`;

exports[`Clear 1`] = `
<div>
  <span
    onClick={[Function]}
  >
    Clear
  </span>
</div>
`;

exports[`Custom Clear 1`] = `
<div>
  <div />
</div>
`;
