// Jest Snapshot v1, https://goo.gl/fbAQLP

exports[`Label 1`] = `
<div>
  <div
    onClick={[Function]}
  >
    Select an options
  </div>
</div>
`;
