// Jest Snapshot v1, https://goo.gl/fbAQLP

exports[`List 1`] = `
<div>
  <input
    name="list[Paris]"
    type="hidden"
    value="paris"
  />
</div>
`;

exports[`List: Custom Item 1`] = `
<div>
  <input
    name="list[Paris]"
    type="hidden"
    value="paris"
  />
</div>
`;
